Microsoft Windows [Version 10.0.19044.1645]
(c) Корпорация Майкрософт (Microsoft Corporation). Все права защищены.

C:\Users\Денис>docker run -it --name psql -v c:\mount\backup\:/backup -v c:\mount\data:/data -e POSTGRES_USER=postgres -e POSTGRES_PASSWORD=postgres -e POSTGRES_DB=my_db -d postgres
docker: error during connect: In the default daemon configuration on Windows, the docker client must be run with elevated privileges to connect.: Post "http://%2F%2F.%2Fpipe%2Fdocker_engine/v1.24/containers/create?name=psql": open //./pipe/docker_engine: The system cannot find the file specified.
See 'docker run --help'.

C:\Users\Денис>docker run -it --name psql -v c:\mount\backup\:/backup -v c:\mount\data:/data -e POSTGRES_USER=postgres -e POSTGRES_PASSWORD=postgres -e POSTGRES_DB=my_db -d postgres
docker: error during connect: In the default daemon configuration on Windows, the docker client must be run with elevated privileges to connect.: Post "http://%2F%2F.%2Fpipe%2Fdocker_engine/v1.24/containers/create?name=psql": open //./pipe/docker_engine: The system cannot find the file specified.
See 'docker run --help'.

C:\Users\Денис>docker -ps
unknown shorthand flag: 'p' in -ps
See 'docker --help'.

Usage:  docker [OPTIONS] COMMAND

A self-sufficient runtime for containers

Options:
      --config string      Location of client config files (default
                           "C:\\Users\\Денис\\.docker")
  -c, --context string     Name of the context to use to connect to the
                           daemon (overrides DOCKER_HOST env var and
                           default context set with "docker context use")
  -D, --debug              Enable debug mode
  -H, --host list          Daemon socket(s) to connect to
  -l, --log-level string   Set the logging level
                           ("debug"|"info"|"warn"|"error"|"fatal")
                           (default "info")
      --tls                Use TLS; implied by --tlsverify
      --tlscacert string   Trust certs signed only by this CA (default
                           "C:\\Users\\Денис\\.docker\\ca.pem")
      --tlscert string     Path to TLS certificate file (default
                           "C:\\Users\\Денис\\.docker\\cert.pem")
      --tlskey string      Path to TLS key file (default
                           "C:\\Users\\Денис\\.docker\\key.pem")
      --tlsverify          Use TLS and verify the remote
  -v, --version            Print version information and quit

Management Commands:
  builder     Manage builds
  buildx*     Docker Buildx (Docker Inc., v0.8.0)
  compose*    Docker Compose (Docker Inc., v2.3.3)
  config      Manage Docker configs
  container   Manage containers
  context     Manage contexts
  image       Manage images
  manifest    Manage Docker image manifests and manifest lists
  network     Manage networks
  node        Manage Swarm nodes
  plugin      Manage plugins
  scan*       Docker Scan (Docker Inc., v0.17.0)
  secret      Manage Docker secrets
  service     Manage services
  stack       Manage Docker stacks
  swarm       Manage Swarm
  system      Manage Docker
  trust       Manage trust on Docker images
  volume      Manage volumes

Commands:
  attach      Attach local standard input, output, and error streams to a running container
  build       Build an image from a Dockerfile
  commit      Create a new image from a container's changes
  cp          Copy files/folders between a container and the local filesystem
  create      Create a new container
  diff        Inspect changes to files or directories on a container's filesystem
  events      Get real time events from the server
  exec        Run a command in a running container
  export      Export a container's filesystem as a tar archive
  history     Show the history of an image
  images      List images
  import      Import the contents from a tarball to create a filesystem image
  info        Display system-wide information
  inspect     Return low-level information on Docker objects
  kill        Kill one or more running containers
  load        Load an image from a tar archive or STDIN
  login       Log in to a Docker registry
  logout      Log out from a Docker registry
  logs        Fetch the logs of a container
  pause       Pause all processes within one or more containers
  port        List port mappings or a specific mapping for the container
  ps          List containers
  pull        Pull an image or a repository from a registry
  push        Push an image or a repository to a registry
  rename      Rename a container
  restart     Restart one or more containers
  rm          Remove one or more containers
  rmi         Remove one or more images
  run         Run a command in a new container
  save        Save one or more images to a tar archive (streamed to STDOUT by default)
  search      Search the Docker Hub for images
  start       Start one or more stopped containers
  stats       Display a live stream of container(s) resource usage statistics
  stop        Stop one or more running containers
  tag         Create a tag TARGET_IMAGE that refers to SOURCE_IMAGE
  top         Display the running processes of a container
  unpause     Unpause all processes within one or more containers
  update      Update configuration of one or more containers
  version     Show the Docker version information
  wait        Block until one or more containers stop, then print their exit codes

Run 'docker COMMAND --help' for more information on a command.

To get more help with docker, check out our guides at https://docs.docker.com/go/guides/


C:\Users\Денис>docker  ps -a
error during connect: In the default daemon configuration on Windows, the docker client must be run with elevated privileges to connect.: Get "http://%2F%2F.%2Fpipe%2Fdocker_engine/v1.24/containers/json?all=1": open //./pipe/docker_engine: The system cannot find the file specified.

C:\Users\Денис>docker  ps -a
CONTAINER ID   IMAGE      COMMAND                  CREATED       STATUS                   PORTS     NAMES
c182bbf02764   mysql      "docker-entrypoint.s…"   2 weeks ago   Exited (0) 13 days ago             my-sql
a68a41817030   mysql      "docker-entrypoint.s…"   2 weeks ago   Exited (1) 2 weeks ago             sharp_lumiere
ea76850fe40e   postgres   "docker-entrypoint.s…"   3 weeks ago   Exited (0) 3 weeks ago             restore_backup
bffae0acf927   postgres   "docker-entrypoint.s…"   3 weeks ago   Exited (0) 3 weeks ago             psql

C:\Users\Денис>docker -it run bffae0acf927
unknown shorthand flag: 'i' in -it
See 'docker --help'.

Usage:  docker [OPTIONS] COMMAND

A self-sufficient runtime for containers

Options:
      --config string      Location of client config files (default
                           "C:\\Users\\Денис\\.docker")
  -c, --context string     Name of the context to use to connect to the
                           daemon (overrides DOCKER_HOST env var and
                           default context set with "docker context use")
  -D, --debug              Enable debug mode
  -H, --host list          Daemon socket(s) to connect to
  -l, --log-level string   Set the logging level
                           ("debug"|"info"|"warn"|"error"|"fatal")
                           (default "info")
      --tls                Use TLS; implied by --tlsverify
      --tlscacert string   Trust certs signed only by this CA (default
                           "C:\\Users\\Денис\\.docker\\ca.pem")
      --tlscert string     Path to TLS certificate file (default
                           "C:\\Users\\Денис\\.docker\\cert.pem")
      --tlskey string      Path to TLS key file (default
                           "C:\\Users\\Денис\\.docker\\key.pem")
      --tlsverify          Use TLS and verify the remote
  -v, --version            Print version information and quit

Management Commands:
  builder     Manage builds
  buildx*     Docker Buildx (Docker Inc., v0.8.0)
  compose*    Docker Compose (Docker Inc., v2.3.3)
  config      Manage Docker configs
  container   Manage containers
  context     Manage contexts
  image       Manage images
  manifest    Manage Docker image manifests and manifest lists
  network     Manage networks
  node        Manage Swarm nodes
  plugin      Manage plugins
  scan*       Docker Scan (Docker Inc., v0.17.0)
  secret      Manage Docker secrets
  service     Manage services
  stack       Manage Docker stacks
  swarm       Manage Swarm
  system      Manage Docker
  trust       Manage trust on Docker images
  volume      Manage volumes

Commands:
  attach      Attach local standard input, output, and error streams to a running container
  build       Build an image from a Dockerfile
  commit      Create a new image from a container's changes
  cp          Copy files/folders between a container and the local filesystem
  create      Create a new container
  diff        Inspect changes to files or directories on a container's filesystem
  events      Get real time events from the server
  exec        Run a command in a running container
  export      Export a container's filesystem as a tar archive
  history     Show the history of an image
  images      List images
  import      Import the contents from a tarball to create a filesystem image
  info        Display system-wide information
  inspect     Return low-level information on Docker objects
  kill        Kill one or more running containers
  load        Load an image from a tar archive or STDIN
  login       Log in to a Docker registry
  logout      Log out from a Docker registry
  logs        Fetch the logs of a container
  pause       Pause all processes within one or more containers
  port        List port mappings or a specific mapping for the container
  ps          List containers
  pull        Pull an image or a repository from a registry
  push        Push an image or a repository to a registry
  rename      Rename a container
  restart     Restart one or more containers
  rm          Remove one or more containers
  rmi         Remove one or more images
  run         Run a command in a new container
  save        Save one or more images to a tar archive (streamed to STDOUT by default)
  search      Search the Docker Hub for images
  start       Start one or more stopped containers
  stats       Display a live stream of container(s) resource usage statistics
  stop        Stop one or more running containers
  tag         Create a tag TARGET_IMAGE that refers to SOURCE_IMAGE
  top         Display the running processes of a container
  unpause     Unpause all processes within one or more containers
  update      Update configuration of one or more containers
  version     Show the Docker version information
  wait        Block until one or more containers stop, then print their exit codes

Run 'docker COMMAND --help' for more information on a command.

To get more help with docker, check out our guides at https://docs.docker.com/go/guides/


C:\Users\Денис>docker run -it bffae0acf927
Unable to find image 'bffae0acf927:latest' locally
docker: Error response from daemon: pull access denied for bffae0acf927, repository does not exist or may require 'docker login': denied: requested access to the resource is denied.
See 'docker run --help'.

C:\Users\Денис>docker  ps -a
CONTAINER ID   IMAGE      COMMAND                  CREATED       STATUS                   PORTS     NAMES
c182bbf02764   mysql      "docker-entrypoint.s…"   2 weeks ago   Exited (0) 13 days ago             my-sql
a68a41817030   mysql      "docker-entrypoint.s…"   2 weeks ago   Exited (1) 2 weeks ago             sharp_lumiere
ea76850fe40e   postgres   "docker-entrypoint.s…"   3 weeks ago   Exited (0) 3 weeks ago             restore_backup
bffae0acf927   postgres   "docker-entrypoint.s…"   3 weeks ago   Exited (0) 3 weeks ago             psql

C:\Users\Денис>docker  ps -a
CONTAINER ID   IMAGE      COMMAND                  CREATED       STATUS                   PORTS     NAMES
c182bbf02764   mysql      "docker-entrypoint.s…"   2 weeks ago   Exited (0) 13 days ago             my-sql
a68a41817030   mysql      "docker-entrypoint.s…"   2 weeks ago   Exited (1) 2 weeks ago             sharp_lumiere
ea76850fe40e   postgres   "docker-entrypoint.s…"   3 weeks ago   Exited (0) 3 weeks ago             restore_backup
bffae0acf927   postgres   "docker-entrypoint.s…"   3 weeks ago   Exited (0) 3 weeks ago             psql

C:\Users\Денис>docker  start bffae0acf927
bffae0acf927

C:\Users\Денис>docker  ps -a
CONTAINER ID   IMAGE      COMMAND                  CREATED       STATUS                   PORTS      NAMES
c182bbf02764   mysql      "docker-entrypoint.s…"   2 weeks ago   Exited (0) 13 days ago              my-sql
a68a41817030   mysql      "docker-entrypoint.s…"   2 weeks ago   Exited (1) 2 weeks ago              sharp_lumiere
ea76850fe40e   postgres   "docker-entrypoint.s…"   3 weeks ago   Exited (0) 3 weeks ago              restore_backup
bffae0acf927   postgres   "docker-entrypoint.s…"   3 weeks ago   Up 2 seconds             5432/tcp   psql

C:\Users\Денис>docker exec -it bffae0acf927 bash
root@bffae0acf927:/# psql
psql: error: connection to server on socket "/var/run/postgresql/.s.PGSQL.5432" failed: FATAL:  role "root" does not exist
root@bffae0acf927:/# psql -p
/usr/lib/postgresql/14/bin/psql: option requires an argument -- 'p'
Try "psql --help" for more information.
root@bffae0acf927:/# psql -U postgres
psql (14.2 (Debian 14.2-1.pgdg110+1))
Type "help" for help.

postgres=# \?
General
  \copyright             show PostgreSQL usage and distribution terms
  \crosstabview [COLUMNS] execute query and display results in crosstab
  \errverbose            show most recent error message at maximum verbosity
  \g [(OPTIONS)] [FILE]  execute query (and send results to file or |pipe);
                         \g with no arguments is equivalent to a semicolon
  \gdesc                 describe result of query, without executing it
  \gexec                 execute query, then execute each value in its result
  \gset [PREFIX]         execute query and store results in psql variables
  \gx [(OPTIONS)] [FILE] as \g, but forces expanded output mode
  \q                     quit psql
  \watch [SEC]           execute query every SEC seconds

Help
  \? [commands]          show help on backslash commands
  \? options             show help on psql command-line options
  \? variables           show help on special variables
  \h [NAME]              help on syntax of SQL commands, * for all commands

Query Buffer
  \e [FILE] [LINE]       edit the query buffer (or file) with external editor
  \ef [FUNCNAME [LINE]]  edit function definition with external editor
  \ev [VIEWNAME [LINE]]  edit view definition with external editor
  \p                     show the contents of the query buffer
  \r                     reset (clear) the query buffer
  \s [FILE]              display history or save it to file
  \w FILE                write query buffer to file

Input/Output
  \copy ...              perform SQL COPY with data stream to the client host
  \echo [-n] [STRING]    write string to standard output (-n for no newline)
  \i FILE                execute commands from file
  \ir FILE               as \i, but relative to location of current script
  \o [FILE]              send all query results to file or |pipe
  \qecho [-n] [STRING]   write string to \o output stream (-n for no newline)
  \warn [-n] [STRING]    write string to standard error (-n for no newline)

Conditional
  \if EXPR               begin conditional block
  \elif EXPR             alternative within current conditional block
  \else                  final alternative within current conditional block
  \endif                 end conditional block

Informational
  (options: S = show system objects, + = additional detail)
  \d[S+]                 list tables, views, and sequences
  \d[S+]  NAME           describe table, view, sequence, or index
  \da[S]  [PATTERN]      list aggregates
  \dA[+]  [PATTERN]      list access methods
  \dAc[+] [AMPTRN [TYPEPTRN]]  list operator classes
  \dAf[+] [AMPTRN [TYPEPTRN]]  list operator families
  \dAo[+] [AMPTRN [OPFPTRN]]   list operators of operator families
  \dAp[+] [AMPTRN [OPFPTRN]]   list support functions of operator families
  \db[+]  [PATTERN]      list tablespaces
  \dc[S+] [PATTERN]      list conversions
  \dC[+]  [PATTERN]      list casts
  \dd[S]  [PATTERN]      show object descriptions not displayed elsewhere
  \dD[S+] [PATTERN]      list domains
  \ddp    [PATTERN]      list default privileges
  \dE[S+] [PATTERN]      list foreign tables
  \des[+] [PATTERN]      list foreign servers
  \det[+] [PATTERN]      list foreign tables
  \deu[+] [PATTERN]      list user mappings
  \dew[+] [PATTERN]      list foreign-data wrappers
  \df[anptw][S+] [FUNCPTRN [TYPEPTRN ...]]
                         list [only agg/normal/procedure/trigger/window] functions
  \dF[+]  [PATTERN]      list text search configurations
  \dFd[+] [PATTERN]      list text search dictionaries
  \dFp[+] [PATTERN]      list text search parsers
  \dFt[+] [PATTERN]      list text search templates
  \dg[S+] [PATTERN]      list roles
  \di[S+] [PATTERN]      list indexes
  \dl                    list large objects, same as \lo_list
  \dL[S+] [PATTERN]      list procedural languages
  \dm[S+] [PATTERN]      list materialized views
  \dn[S+] [PATTERN]      list schemas
  \do[S+] [OPPTRN [TYPEPTRN [TYPEPTRN]]]
                         list operators
  \dO[S+] [PATTERN]      list collations
  \dp     [PATTERN]      list table, view, and sequence access privileges
  \dP[itn+] [PATTERN]    list [only index/table] partitioned relations [n=nested]
  \drds [ROLEPTRN [DBPTRN]] list per-database role settings
  \dRp[+] [PATTERN]      list replication publications
  \dRs[+] [PATTERN]      list replication subscriptions
  \ds[S+] [PATTERN]      list sequences
  \dt[S+] [PATTERN]      list tables
  \dT[S+] [PATTERN]      list data types
  \du[S+] [PATTERN]      list roles
  \dv[S+] [PATTERN]      list views
  \dx[+]  [PATTERN]      list extensions
  \dX     [PATTERN]      list extended statistics
  \dy[+]  [PATTERN]      list event triggers
  \l[+]   [PATTERN]      list databases
  \sf[+]  FUNCNAME       show a function's definition
  \sv[+]  VIEWNAME       show a view's definition
  \z      [PATTERN]      same as \dp

Formatting
  \a                     toggle between unaligned and aligned output mode
  \C [STRING]            set table title, or unset if none
  \f [STRING]            show or set field separator for unaligned query output
  \H                     toggle HTML output mode (currently off)
  \pset [NAME [VALUE]]   set table output option
                         (border|columns|csv_fieldsep|expanded|fieldsep|
                         fieldsep_zero|footer|format|linestyle|null|
                         numericlocale|pager|pager_min_lines|recordsep|
                         recordsep_zero|tableattr|title|tuples_only|
                         unicode_border_linestyle|unicode_column_linestyle|
                         unicode_header_linestyle)
  \t [on|off]            show only rows (currently off)
  \T [STRING]            set HTML <table> tag attributes, or unset if none
  \x [on|off|auto]       toggle expanded output (currently off)

Connection
  \c[onnect] {[DBNAME|- USER|- HOST|- PORT|-] | conninfo}
                         connect to new database (currently "postgres")
  \conninfo              display information about current connection
  \encoding [ENCODING]   show or set client encoding
  \password [USERNAME]   securely change the password for a user

Operating System
  \cd [DIR]              change the current working directory
  \setenv NAME [VALUE]   set or unset environment variable
  \timing [on|off]       toggle timing of commands (currently off)
  \! [COMMAND]           execute command in shell or start interactive shell

Variables
  \prompt [TEXT] NAME    prompt user to set internal variable
  \set [NAME [VALUE]]    set internal variable, or list all if no parameters
  \unset NAME            unset (delete) internal variable

Large Objects
  \lo_export LOBOID FILE
  \lo_import FILE [COMMENT]
  \lo_list
  \lo_unlink LOBOID      large object operations
postgres=#
postgres=#
postgres=#
postgres=# \l
                                     List of databases
   Name    |  Owner   | Encoding |  Collate   |   Ctype    |       Access privileges
-----------+----------+----------+------------+------------+--------------------------------
 my_db     | postgres | UTF8     | en_US.utf8 | en_US.utf8 |
 postgres  | postgres | UTF8     | en_US.utf8 | en_US.utf8 |
 template0 | postgres | UTF8     | en_US.utf8 | en_US.utf8 | =c/postgres                   +
           |          |          |            |            | postgres=CTc/postgres
 template1 | postgres | UTF8     | en_US.utf8 | en_US.utf8 | =c/postgres                   +
           |          |          |            |            | postgres=CTc/postgres
 test_db   | postgres | UTF8     | en_US.utf8 | en_US.utf8 | =Tc/postgres                  +
           |          |          |            |            | postgres=CTc/postgres         +
           |          |          |            |            | "test-admin-user"=CTc/postgres
(5 rows)

postgres=# \c test_db
You are now connected to database "test_db" as user "postgres".
test_db=# \d
               List of relations
 Schema |      Name      |   Type   |  Owner
--------+----------------+----------+----------
 public | clients        | table    | postgres
 public | clients_id_seq | sequence | postgres
 public | orders         | table    | postgres
 public | orders_id_seq  | sequence | postgres
(4 rows)

test_db=# \? \d
General
  \copyright             show PostgreSQL usage and distribution terms
  \crosstabview [COLUMNS] execute query and display results in crosstab
  \errverbose            show most recent error message at maximum verbosity
  \g [(OPTIONS)] [FILE]  execute query (and send results to file or |pipe);
                         \g with no arguments is equivalent to a semicolon
  \gdesc                 describe result of query, without executing it
  \gexec                 execute query, then execute each value in its result
  \gset [PREFIX]         execute query and store results in psql variables
  \gx [(OPTIONS)] [FILE] as \g, but forces expanded output mode
  \q                     quit psql
  \watch [SEC]           execute query every SEC seconds

Help
  \? [commands]          show help on backslash commands
  \? options             show help on psql command-line options
  \? variables           show help on special variables
  \h [NAME]              help on syntax of SQL commands, * for all commands

Query Buffer
  \e [FILE] [LINE]       edit the query buffer (or file) with external editor
  \ef [FUNCNAME [LINE]]  edit function definition with external editor
  \ev [VIEWNAME [LINE]]  edit view definition with external editor
  \p                     show the contents of the query buffer
  \r                     reset (clear) the query buffer
  \s [FILE]              display history or save it to file
  \w FILE                write query buffer to file

Input/Output
  \copy ...              perform SQL COPY with data stream to the client host
  \echo [-n] [STRING]    write string to standard output (-n for no newline)
  \i FILE                execute commands from file
  \ir FILE               as \i, but relative to location of current script
  \o [FILE]              send all query results to file or |pipe
  \qecho [-n] [STRING]   write string to \o output stream (-n for no newline)
  \warn [-n] [STRING]    write string to standard error (-n for no newline)

Conditional
  \if EXPR               begin conditional block
  \elif EXPR             alternative within current conditional block
  \else                  final alternative within current conditional block
  \endif                 end conditional block

Informational
  (options: S = show system objects, + = additional detail)
  \d[S+]                 list tables, views, and sequences
  \d[S+]  NAME           describe table, view, sequence, or index
  \da[S]  [PATTERN]      list aggregates
  \dA[+]  [PATTERN]      list access methods
  \dAc[+] [AMPTRN [TYPEPTRN]]  list operator classes
  \dAf[+] [AMPTRN [TYPEPTRN]]  list operator families
  \dAo[+] [AMPTRN [OPFPTRN]]   list operators of operator families
  \dAp[+] [AMPTRN [OPFPTRN]]   list support functions of operator families
  \db[+]  [PATTERN]      list tablespaces
  \dc[S+] [PATTERN]      list conversions
  \dC[+]  [PATTERN]      list casts
  \dd[S]  [PATTERN]      show object descriptions not displayed elsewhere
  \dD[S+] [PATTERN]      list domains
  \ddp    [PATTERN]      list default privileges
  \dE[S+] [PATTERN]      list foreign tables
  \des[+] [PATTERN]      list foreign servers
  \det[+] [PATTERN]      list foreign tables
  \deu[+] [PATTERN]      list user mappings
  \dew[+] [PATTERN]      list foreign-data wrappers
  \df[anptw][S+] [FUNCPTRN [TYPEPTRN ...]]
                         list [only agg/normal/procedure/trigger/window] functions
  \dF[+]  [PATTERN]      list text search configurations
  \dFd[+] [PATTERN]      list text search dictionaries
  \dFp[+] [PATTERN]      list text search parsers
  \dFt[+] [PATTERN]      list text search templates
  \dg[S+] [PATTERN]      list roles
  \di[S+] [PATTERN]      list indexes
  \dl                    list large objects, same as \lo_list
  \dL[S+] [PATTERN]      list procedural languages
  \dm[S+] [PATTERN]      list materialized views
  \dn[S+] [PATTERN]      list schemas
  \do[S+] [OPPTRN [TYPEPTRN [TYPEPTRN]]]
                         list operators
  \dO[S+] [PATTERN]      list collations
  \dp     [PATTERN]      list table, view, and sequence access privileges
  \dP[itn+] [PATTERN]    list [only index/table] partitioned relations [n=nested]
  \drds [ROLEPTRN [DBPTRN]] list per-database role settings
  \dRp[+] [PATTERN]      list replication publications
  \dRs[+] [PATTERN]      list replication subscriptions
  \ds[S+] [PATTERN]      list sequences
  \dt[S+] [PATTERN]      list tables
  \dT[S+] [PATTERN]      list data types
  \du[S+] [PATTERN]      list roles
  \dv[S+] [PATTERN]      list views
  \dx[+]  [PATTERN]      list extensions
  \dX     [PATTERN]      list extended statistics
  \dy[+]  [PATTERN]      list event triggers
  \l[+]   [PATTERN]      list databases
  \sf[+]  FUNCNAME       show a function's definition
  \sv[+]  VIEWNAME       show a view's definition
  \z      [PATTERN]      same as \dp

Formatting
  \a                     toggle between unaligned and aligned output mode
               List of relations
 Schema |      Name      |   Type   |  Owner
--------+----------------+----------+----------
 public | clients        | table    | postgres
 public | clients_id_seq | sequence | postgres
 public | orders         | table    | postgres
 public | orders_id_seq  | sequence | postgres
(4 rows)

test_db=# \d+
                                           List of relations
 Schema |      Name      |   Type   |  Owner   | Persistence | Access method |    Size    | Description
--------+----------------+----------+----------+-------------+---------------+------------+-------------
 public | clients        | table    | postgres | permanent   | heap          | 16 kB      |
 public | clients_id_seq | sequence | postgres | permanent   |               | 8192 bytes |
 public | orders         | table    | postgres | permanent   | heap          | 16 kB      |
 public | orders_id_seq  | sequence | postgres | permanent   |               | 8192 bytes |
(4 rows)

test_db=# exit
root@bffae0acf927:/# psql -U postgres
psql (14.2 (Debian 14.2-1.pgdg110+1))
Type "help" for help.

postgres=# \q
root@bffae0acf927:/# create database test_database;
bash: create: command not found
root@bffae0acf927:/# psql -U postgres
psql (14.2 (Debian 14.2-1.pgdg110+1))
Type "help" for help.

postgres=# create database test_database;
CREATE DATABASE
postgres=# \l
                                       List of databases
     Name      |  Owner   | Encoding |  Collate   |   Ctype    |       Access privileges
---------------+----------+----------+------------+------------+--------------------------------
 my_db         | postgres | UTF8     | en_US.utf8 | en_US.utf8 |
 postgres      | postgres | UTF8     | en_US.utf8 | en_US.utf8 |
 template0     | postgres | UTF8     | en_US.utf8 | en_US.utf8 | =c/postgres                   +
               |          |          |            |            | postgres=CTc/postgres
 template1     | postgres | UTF8     | en_US.utf8 | en_US.utf8 | =c/postgres                   +
               |          |          |            |            | postgres=CTc/postgres
 test_database | postgres | UTF8     | en_US.utf8 | en_US.utf8 |
 test_db       | postgres | UTF8     | en_US.utf8 | en_US.utf8 | =Tc/postgres                  +
               |          |          |            |            | postgres=CTc/postgres         +
               |          |          |            |            | "test-admin-user"=CTc/postgres
(6 rows)

postgres=# \q
root@bffae0acf927:/# ls
backup  boot  dev                         etc   lib    media  opt   root  sbin  sys  usr
bin     data  docker-entrypoint-initdb.d  home  lib64  mnt    proc  run   srv   tmp  var
root@bffae0acf927:/# cd data
root@bffae0acf927:/data# ls -l
total 4
-rwxrwxrwx 1 root root 2181 Jan 22 17:29 test_dump.sql
root@bffae0acf927:/data# cat test_dump.sql
--
-- PostgreSQL database dump
--

-- Dumped from database version 13.0 (Debian 13.0-1.pgdg100+1)
-- Dumped by pg_dump version 13.0 (Debian 13.0-1.pgdg100+1)

SET statement_timeout = 0;
SET lock_timeout = 0;
SET idle_in_transaction_session_timeout = 0;
SET client_encoding = 'UTF8';
SET standard_conforming_strings = on;
SELECT pg_catalog.set_config('search_path', '', false);
SET check_function_bodies = false;
SET xmloption = content;
SET client_min_messages = warning;
SET row_security = off;

SET default_tablespace = '';

SET default_table_access_method = heap;

--
-- Name: orders; Type: TABLE; Schema: public; Owner: postgres
--

CREATE TABLE public.orders (
    id integer NOT NULL,
    title character varying(80) NOT NULL,
    price integer DEFAULT 0
);


ALTER TABLE public.orders OWNER TO postgres;

--
-- Name: orders_id_seq; Type: SEQUENCE; Schema: public; Owner: postgres
--

CREATE SEQUENCE public.orders_id_seq
    AS integer
    START WITH 1
    INCREMENT BY 1
    NO MINVALUE
    NO MAXVALUE
    CACHE 1;


ALTER TABLE public.orders_id_seq OWNER TO postgres;

--
-- Name: orders_id_seq; Type: SEQUENCE OWNED BY; Schema: public; Owner: postgres
--

ALTER SEQUENCE public.orders_id_seq OWNED BY public.orders.id;


--
-- Name: orders id; Type: DEFAULT; Schema: public; Owner: postgres
--

ALTER TABLE ONLY public.orders ALTER COLUMN id SET DEFAULT nextval('public.orders_id_seq'::regclass);


--
-- Data for Name: orders; Type: TABLE DATA; Schema: public; Owner: postgres
--

COPY public.orders (id, title, price) FROM stdin;
1       War and peace   100
2       My little database      500
3       Adventure psql time     300
4       Server gravity falls    300
5       Log gossips     123
6       WAL never lies  900
7       Me and my bash-pet      499
8       Dbiezdmin       501
\.


--
-- Name: orders_id_seq; Type: SEQUENCE SET; Schema: public; Owner: postgres
--

SELECT pg_catalog.setval('public.orders_id_seq', 8, true);


--
-- Name: orders orders_pkey; Type: CONSTRAINT; Schema: public; Owner: postgres
--

ALTER TABLE ONLY public.orders
    ADD CONSTRAINT orders_pkey PRIMARY KEY (id);


--
-- PostgreSQL database dump complete
--

root@bffae0acf927:/data# cat test_dump.sql
--
-- PostgreSQL database dump
--

-- Dumped from database version 13.0 (Debian 13.0-1.pgdg100+1)
-- Dumped by pg_dump version 13.0 (Debian 13.0-1.pgdg100+1)

SET statement_timeout = 0;
SET lock_timeout = 0;
SET idle_in_transaction_session_timeout = 0;
SET client_encoding = 'UTF8';
SET standard_conforming_strings = on;
SELECT pg_catalog.set_config('search_path', '', false);
SET check_function_bodies = false;
SET xmloption = content;
SET client_min_messages = warning;
SET row_security = off;

SET default_tablespace = '';

SET default_table_access_method = heap;

--
-- Name: orders; Type: TABLE; Schema: public; Owner: postgres
--

CREATE TABLE public.orders (
    id integer NOT NULL,
    title character varying(80) NOT NULL,
    price integer DEFAULT 0
);


ALTER TABLE public.orders OWNER TO postgres;

--
-- Name: orders_id_seq; Type: SEQUENCE; Schema: public; Owner: postgres
--

CREATE SEQUENCE public.orders_id_seq
    AS integer
    START WITH 1
    INCREMENT BY 1
    NO MINVALUE
    NO MAXVALUE
    CACHE 1;


ALTER TABLE public.orders_id_seq OWNER TO postgres;

--
-- Name: orders_id_seq; Type: SEQUENCE OWNED BY; Schema: public; Owner: postgres
--

ALTER SEQUENCE public.orders_id_seq OWNED BY public.orders.id;


--
-- Name: orders id; Type: DEFAULT; Schema: public; Owner: postgres
--

ALTER TABLE ONLY public.orders ALTER COLUMN id SET DEFAULT nextval('public.orders_id_seq'::regclass);


--
-- Data for Name: orders; Type: TABLE DATA; Schema: public; Owner: postgres
--

COPY public.orders (id, title, price) FROM stdin;
1       War and peace   100
2       My little database      500
3       Adventure psql time     300
4       Server gravity falls    300
5       Log gossips     123
6       WAL never lies  900
7       Me and my bash-pet      499
8       Dbiezdmin       501
\.


--
-- Name: orders_id_seq; Type: SEQUENCE SET; Schema: public; Owner: postgres
--

SELECT pg_catalog.setval('public.orders_id_seq', 8, true);


--
-- Name: orders orders_pkey; Type: CONSTRAINT; Schema: public; Owner: postgres
--

ALTER TABLE ONLY public.orders
    ADD CONSTRAINT orders_pkey PRIMARY KEY (id);


--
-- PostgreSQL database dump complete
--

root@bffae0acf927:/data# cat test_dump.sql
--
-- PostgreSQL database dump
--

-- Dumped from database version 13.0 (Debian 13.0-1.pgdg100+1)
-- Dumped by pg_dump version 13.0 (Debian 13.0-1.pgdg100+1)

SET statement_timeout = 0;
SET lock_timeout = 0;
SET idle_in_transaction_session_timeout = 0;
SET client_encoding = 'UTF8';
SET standard_conforming_strings = on;
SELECT pg_catalog.set_config('search_path', '', false);
SET check_function_bodies = false;
SET xmloption = content;
SET client_min_messages = warning;
SET row_security = off;

SET default_tablespace = '';

SET default_table_access_method = heap;

--
-- Name: orders; Type: TABLE; Schema: public; Owner: postgres
--

CREATE TABLE public.orders (
    id integer NOT NULL,
    title character varying(80) NOT NULL,
    price integer DEFAULT 0
);


ALTER TABLE public.orders OWNER TO postgres;

--
-- Name: orders_id_seq; Type: SEQUENCE; Schema: public; Owner: postgres
--

CREATE SEQUENCE public.orders_id_seq
    AS integer
    START WITH 1
    INCREMENT BY 1
    NO MINVALUE
    NO MAXVALUE
    CACHE 1;


ALTER TABLE public.orders_id_seq OWNER TO postgres;

--
-- Name: orders_id_seq; Type: SEQUENCE OWNED BY; Schema: public; Owner: postgres
--

ALTER SEQUENCE public.orders_id_seq OWNED BY public.orders.id;


--
-- Name: orders id; Type: DEFAULT; Schema: public; Owner: postgres
--

ALTER TABLE ONLY public.orders ALTER COLUMN id SET DEFAULT nextval('public.orders_id_seq'::regclass);


--
-- Data for Name: orders; Type: TABLE DATA; Schema: public; Owner: postgres
--

COPY public.orders (id, title, price) FROM stdin;
1       War and peace   100
2       My little database      500
3       Adventure psql time     300
4       Server gravity falls    300
5       Log gossips     123
6       WAL never lies  900
7       Me and my bash-pet      499
8       Dbiezdmin       501
\.


--
-- Name: orders_id_seq; Type: SEQUENCE SET; Schema: public; Owner: postgres
--

SELECT pg_catalog.setval('public.orders_id_seq', 8, true);


--
-- Name: orders orders_pkey; Type: CONSTRAINT; Schema: public; Owner: postgres
--

ALTER TABLE ONLY public.orders
    ADD CONSTRAINT orders_pkey PRIMARY KEY (id);


--
-- PostgreSQL database dump complete
--

root@bffae0acf927:/data# psql -U postgres<test_dump.sql
SET
SET
SET
SET
SET
 set_config
------------

(1 row)

SET
SET
SET
SET
SET
SET
CREATE TABLE
ALTER TABLE
CREATE SEQUENCE
ALTER TABLE
ALTER SEQUENCE
ALTER TABLE
COPY 8
 setval
--------
      8
(1 row)

ALTER TABLE
root@bffae0acf927:/data#



### in postgresql schema and databases are not the same things
#	Базы данных содержат схемы в PostgreSQL, в отличие от MySQL, где это два имени одного и того же объекта. 
#	Вы не сможете просматривать схемы/таблицы/и т. д. одной базы данных. пока подключен к другому.

postgres=# ANALYZE orders;

postgres=# select attname,avg_width from pg_stats where tablename='orders' and avg_width=(select MAX(avg_width) from pg_stats where tablename='orders');
 attname | avg_width
---------+-----------
 title   |        16
(1 row)



postgres=# insert into orders_1 select * from orders where price>499;
INSERT 0 3
postgres=# insert into orders_2 select * from orders where price<=499;
INSERT 0 5
postgres=# select * from orders;
 id |        title         | price
----+----------------------+-------
  1 | War and peace        |   100
  2 | My little database   |   500
  3 | Adventure psql time  |   300
  4 | Server gravity falls |   300
  5 | Log gossips          |   123
  6 | WAL never lies       |   900
  7 | Me and my bash-pet   |   499
  8 | Dbiezdmin            |   501
(8 rows)

postgres=# select * from orders_1;
 id |        title         | price
----+----------------------+-------
  2 | My little database   |   500
  6 | WAL never lies       |   900
  8 | Dbiezdmin            |   501
  1 | War and peace        |   100
  3 | Adventure psql time  |   300
  4 | Server gravity falls |   300
  5 | Log gossips          |   123
  7 | Me and my bash-pet   |   499
  2 | My little database   |   500
  6 | WAL never lies       |   900
  8 | Dbiezdmin            |   501
(11 rows)

postgres=# select * from orders_2;
 id |        title         | price
----+----------------------+-------
  1 | War and peace        |   100
  3 | Adventure psql time  |   300
  4 | Server gravity falls |   300
  5 | Log gossips          |   123
  7 | Me and my bash-pet   |   499
(5 rows)



root@bffae0acf927:/backup# pg_dumpall -U postgres >/backup/test_database.dump





